pexec.out

trace
  - LAMBDA (interp) @ location: 7
    [ (Pair 7 77) ]
  - LAMBDA (entry) @ location: 7
    [ (Pair 7 77) ]
    - log/SWAP (exit) @ location: 7
      [ { UNPAIR ; ADD }
        (Pair 7 77) ]
  - SWAP (entry) @ location: 15
    [ { UNPAIR ; ADD }
      (Pair 7 77) ]
    - log/UNPAIR (exit) @ location: 15
      [ (Pair 7 77)
        { UNPAIR ; ADD } ]
  - UNPAIR (entry) @ location: 16
    [ (Pair 7 77)
      { UNPAIR ; ADD } ]
    - log/DIP (exit) @ location: 16
      [ 7
        77
        { UNPAIR ; ADD } ]
  - DIP (entry) @ location: 17
    [ 7
      77
      { UNPAIR ; ADD } ]
    - log/APPLY (exit) @ location: 17
      [ 77
        { UNPAIR ; ADD } ]
  - APPLY (entry) @ location: 19
    [ 77
      { UNPAIR ; ADD } ]
    - log/[halt] (exit) @ location: 19
      [ { PUSH nat 77 ; PAIR ; { UNPAIR ; ADD } } ]
  - [halt] (entry) @ location: 19
    [ { PUSH nat 77 ; PAIR ; { UNPAIR ; ADD } } ]
    - log/EXEC (exit) @ location: 17
      [ 7
        { PUSH nat 77 ; PAIR ; { UNPAIR ; ADD } } ]
  - EXEC (entry) @ location: 20
    [ 7
      { PUSH nat 77 ; PAIR ; { UNPAIR ; ADD } } ]
    - log/NIL (exit) @ location: 20
      [ 84 ]
  - NIL (entry) @ location: 21
    [ 84 ]
    - log/PAIR (exit) @ location: 21
      [ {}
        84 ]
  - PAIR (entry) @ location: 23
    [ {}
      84 ]
    - log/[halt] (exit) @ location: 23
      [ (Pair {} 84) ]
  - [halt] (entry) @ location: 6
    [ (Pair {} 84) ]
